// Jest Snapshot v1, https://goo.gl/fbAQLP

exports[`<Search/> Deveria renderizar na tela o componente Search com um Input 1`] = `
<div>
  <input
    class="sc-kvAqsT"
    data-testid="id-search-characters"
    placeholder="Pesquisar..."
    type="text"
    value=""
  />
</div>
`;
