// Jest Snapshot v1, https://goo.gl/fbAQLP

exports[`<Cards/> Deveria renderizar a imagem e nome do personagem ao injeta-lo por props 1`] = `
<div>
  <div
    class="sc-kvAqsT efdGIg"
    data-testid="id-card-container"
  >
    <h2
      class="sc-cdtKKh hnyVce"
      data-testid="id-typograph-name-content"
    >
      3-D Man
    </h2>
    <img
      alt="Imagem do personagem 3-D Man"
      class="sc-grJzXs cqACap"
      data-testid="id-img-content"
      src="http://i.annihil.us/u/prod/marvel/i/mg/c/e0/535fecbbb9784.jpg"
    />
  </div>
</div>
`;

exports[`<Cards/> Deveria renderizar na tela um container card, texto do name e imagem do card 1`] = `
<div>
  <div
    class="sc-kvAqsT efdGIg"
    data-testid="id-card-container"
  >
    <h2
      class="sc-cdtKKh hnyVce"
      data-testid="id-typograph-name-content"
    >
      3-D Man
    </h2>
    <img
      alt="Imagem do personagem 3-D Man"
      class="sc-grJzXs cqACap"
      data-testid="id-img-content"
      src="http://i.annihil.us/u/prod/marvel/i/mg/c/e0/535fecbbb9784.jpg"
    />
  </div>
</div>
`;
